[start]
[loaded] 331 settled markets (1.1s)
  train=231 test=100
[scan] testing 5 T x 7 thresholds
  T=30s: 189 valid books (8.8s)
  T=60s: 272 valid books (15.5s)
  T=90s: 314 valid books (17.2s)
  T=180s: 329 valid books (19.8s)
  T=300s: 326 valid books (23.8s)

========================================================================================
 Sniper sweep — 5ct favorite entries — train/test split
========================================================================================
   Ts  thrc  | tr_n  tr_WR  tr_net   tr_EV | te_n  te_WR  te_net   te_EV | flag
    30   80  |   33  97.0% $ +1.29 $+0.039 |   15 100.0% $ +2.16 $+0.144 | PROFITABLE BOTH
    30   85  |   29 100.0% $ +3.53 $+0.122 |   15 100.0% $ +2.16 $+0.144 | 
    30   88  |   28 100.0% $ +2.92 $+0.104 |   14 100.0% $ +1.60 $+0.114 | 
    30   90  |   27 100.0% $ +2.50 $+0.093 |   14 100.0% $ +1.60 $+0.114 | 
    30   92  |   25 100.0% $ +1.76 $+0.070 |   14 100.0% $ +1.60 $+0.114 | 
    30   93  |   25 100.0% $ +1.76 $+0.070 |   14 100.0% $ +1.60 $+0.114 | 
    30   95  |   24 100.0% $ +1.53 $+0.064 |   12 100.0% $ +1.14 $+0.095 | 
    60   80  |   60  86.7% $-27.91 $-0.465 |   36 100.0% $ +6.25 $+0.174 | 
    60   85  |   55  87.3% $-27.02 $-0.491 |   35 100.0% $ +5.36 $+0.153 | 
    60   88  |   51  86.3% $-29.45 $-0.577 |   32 100.0% $ +3.63 $+0.113 | 
    60   90  |   51  86.3% $-29.45 $-0.577 |   31 100.0% $ +3.17 $+0.102 | 
    60   92  |   49  87.8% $-25.24 $-0.515 |   31 100.0% $ +3.17 $+0.102 | 
    60   93  |   48  89.6% $-20.52 $-0.427 |   31 100.0% $ +3.17 $+0.102 | 
    60   95  |   43  93.0% $-11.85 $-0.276 |   27 100.0% $ +1.98 $+0.073 | 
    90   80  |   87  89.7% $-25.44 $-0.292 |   40 100.0% $ +8.86 $+0.221 | 
    90   85  |   78  93.6% $-12.40 $-0.159 |   39 100.0% $ +8.16 $+0.209 | 
    90   88  |   76  94.7% $ -8.66 $-0.114 |   34 100.0% $ +5.36 $+0.158 | 
    90   90  |   74  95.9% $ -4.58 $-0.062 |   32 100.0% $ +4.39 $+0.137 | 
    90   92  |   72  95.8% $ -5.37 $-0.075 |   30 100.0% $ +3.60 $+0.120 | 
    90   93  |   67  97.0% $ -1.94 $-0.029 |   29 100.0% $ +3.28 $+0.113 | 
    90   95  |   58 100.0% $ +5.51 $+0.095 |   26 100.0% $ +2.49 $+0.096 | PROFITABLE BOTH
   180   80  |  138  92.0% $-19.33 $-0.140 |   66  95.5% $ -0.82 $-0.012 | 
   180   85  |  120  95.8% $ -3.53 $-0.029 |   62  95.2% $ -3.91 $-0.063 | 
   180   88  |  114  95.6% $ -7.14 $-0.063 |   59  94.9% $ -5.73 $-0.097 | 
   180   90  |  113  95.6% $ -7.60 $-0.067 |   56  94.6% $ -7.16 $-0.128 | 
   180   92  |  103  95.1% $-11.60 $-0.113 |   52  94.2% $ -8.88 $-0.171 | 
   180   93  |   97  95.9% $ -8.62 $-0.089 |   48  93.8% $-10.26 $-0.214 | 
   180   95  |   82  95.1% $-12.67 $-0.155 |   45  97.8% $ -1.00 $-0.022 | 
   300   80  |  138  89.9% $-19.33 $-0.140 |   55  94.5% $ +1.46 $+0.027 | 
   300   85  |  117  92.3% $-11.29 $-0.096 |   49  95.9% $ +1.68 $+0.034 | 
   300   88  |  100  91.0% $-21.44 $-0.214 |   45  95.6% $ -0.70 $-0.016 | 
   300   90  |   90  94.4% $ -6.24 $-0.069 |   41  97.6% $ +2.46 $+0.060 | 
   300   92  |   74  94.6% $ -7.69 $-0.104 |   38  97.4% $ +1.20 $+0.032 | 
   300   93  |   64  95.3% $ -5.90 $-0.092 |   36  97.2% $ +0.56 $+0.016 | 
   300   95  |   51  94.1% $ -9.33 $-0.183 |   28  96.4% $ -1.48 $-0.053 | 

=== TOP 5 by OUT-OF-SAMPLE EV (n_test>=10) ===
  T=90s thr=80c: te_EV=$+0.2215 | pace=36.8/day | EV/day=$-4.809
  T=90s thr=85c: te_EV=$+0.2092 | pace=33.9/day | EV/day=$-1.230
  T=60s thr=80c: te_EV=$+0.1736 | pace=27.8/day | EV/day=$-6.282
  T=90s thr=88c: te_EV=$+0.1576 | pace=31.9/day | EV/day=$-0.957
  T=60s thr=85c: te_EV=$+0.1531 | pace=26.1/day | EV/day=$-6.282
