[loaded] 331 markets (0.9s)

=== Tighter T sweep — fav_bid ≥ 85c, 5ct ===
   Ts  | tr_n  tr_WR  tr_EV  tr_net | te_n  te_WR  te_EV  te_net
    10  |  17   94.1%  $-0.176  $ -2.99 |   4  100.0%  $+0.168  $ +0.67
    15  |  25   96.0%  $-0.058  $ -1.44 |   9  100.0%  $+0.119  $ +1.07
    20  |  25   96.0%  $+0.019  $ +0.47 |  11  100.0%  $+0.155  $ +1.71 ★
    25  |  26   96.2%  $-0.040  $ -1.04 |  14  100.0%  $+0.104  $ +1.46
    30  |  29  100.0%  $+0.122  $ +3.53 |  15  100.0%  $+0.144  $ +2.16 ★
    45  |  35   94.3%  $-0.127  $ -4.45 |  24  100.0%  $+0.144  $ +3.46
    60  |  55   87.3%  $-0.491  $-27.02 |  35  100.0%  $+0.153  $ +5.36
    90  |  78   93.6%  $-0.159  $-12.40 |  39  100.0%  $+0.209  $ +8.16

=== Sizing analysis at T=30s, fav_bid ≥ 85c ===
 contracts  | tr_n  tr_WR  tr_net   tr_EV | te_n  te_WR  te_net   te_EV
          2c  |  29  100.0%  $ +1.25  $+0.043 |  15  100.0%  $ +0.80  $+0.053
          5c  |  29  100.0%  $ +3.53  $+0.122 |  15  100.0%  $ +2.16  $+0.144
         10c  |  29  100.0%  $ +7.25  $+0.250 |  15  100.0%  $ +4.42  $+0.295
         20c  |  29  100.0%  $+14.60  $+0.503 |  15  100.0%  $ +8.89  $+0.593
         30c  |  29  100.0%  $+21.90  $+0.755 |  15  100.0%  $+13.34  $+0.889
         50c  |  29  100.0%  $+36.77  $+1.268 |  15  100.0%  $+22.35  $+1.490
        100c  |  29  100.0%  $+73.73  $+2.542 |  15  100.0%  $+44.80  $+2.987

=== TEST SET TRADES at T=30, fav_bid ≥ 85c, 5ct ===
date_utc                                    ticker side fav_bid fav_ask result   pnl
  2026-05-15 17:30:00        KXBTC15M-26MAY152030-30  yes     99c     99c    yes   +4c
  2026-05-15 19:15:00        KXBTC15M-26MAY152215-15  yes     99c     99c    yes   +4c
  2026-05-15 20:00:00        KXBTC15M-26MAY152300-00  yes     87c     88c    yes  +56c
  2026-05-15 20:30:00        KXBTC15M-26MAY152330-30  yes     95c     96c    yes  +18c
  2026-05-15 21:00:00        KXBTC15M-26MAY160000-00  yes     98c     98c    yes   +9c
  2026-05-15 22:30:00        KXBTC15M-26MAY160130-30  yes     99c     99c    yes   +4c
  2026-05-16 01:30:00        KXBTC15M-26MAY160430-30   no     99c     99c     no   +4c
  2026-05-16 03:00:00        KXBTC15M-26MAY160600-00   no     99c     99c     no   +4c
  2026-05-16 08:15:00        KXBTC15M-26MAY161115-15   no     95c     95c     no  +23c
  2026-05-16 09:15:00        KXBTC15M-26MAY161215-15   no     95c     95c     no  +23c
  2026-05-16 10:45:00        KXBTC15M-26MAY161345-45  yes     98c     99c    yes   +4c
  2026-05-16 11:15:00        KXBTC15M-26MAY161415-15   no     99c     99c     no   +4c
  2026-05-16 11:30:00        KXBTC15M-26MAY161430-30   no     94c     96c     no  +18c
  2026-05-16 13:00:00        KXBTC15M-26MAY161600-00   no     93c     94c     no  +28c
  2026-05-16 16:45:00        KXBTC15M-26MAY161945-45   no     97c     97c     no  +13c

  Total: 15 trades, net $+2.16

=== Combined: T-180 fav≥95c FIRST, then T-30 fav≥85c if not yet entered ===
  TRAIN: n=108 WR=96.3% net=$-9.26 EV=$-0.0857
  TEST:  n=58 WR=98.3% net=$+0.85 EV=$+0.0147
  Pace: 48.1 trades/day  →  EV/day (test): $+0.71
