[loaded] 331 markets

=== 1. Hour-of-day breakdown (T=30s, fav>=85c, 10ct) ===
 UTC hour    n     WR  avg_entry     net  EV/trade
        0h    2 100.0%     98.5c $ +0.27 $+0.1350
        1h    3 100.0%     95.0c $ +1.40 $+0.4667
        2h    3 100.0%     99.0c $ +0.27 $+0.0900
        3h    2 100.0%     92.0c $ +1.49 $+0.7450
        4h    1 100.0%     98.0c $ +0.18 $+0.1800
        5h    3 100.0%     98.7c $ +0.36 $+0.1200
        6h    1 100.0%     97.0c $ +0.27 $+0.2700
        7h    1 100.0%     98.0c $ +0.18 $+0.1800
        8h    1 100.0%     99.0c $ +0.09 $+0.0900
        9h    1 100.0%     99.0c $ +0.09 $+0.0900
       10h    3 100.0%     99.0c $ +0.27 $+0.0900
       11h    1 100.0%     99.0c $ +0.09 $+0.0900
       12h    1 100.0%     95.0c $ +0.46 $+0.4600
       14h    1 100.0%     99.0c $ +0.09 $+0.0900
       15h    3 100.0%     94.3c $ +1.57 $+0.5233
       16h    3 100.0%     94.7c $ +1.47 $+0.4900
       17h    2 100.0%     99.0c $ +0.18 $+0.0900
       18h    2 100.0%     97.5c $ +0.46 $+0.2300
       19h    1 100.0%     99.0c $ +0.09 $+0.0900
       20h    3 100.0%     94.7c $ +1.49 $+0.4967
       21h    3 100.0%     98.7c $ +0.36 $+0.1200
       22h    1 100.0%     99.0c $ +0.09 $+0.0900
       23h    2 100.0%     97.5c $ +0.45 $+0.2250

=== 2. Day-of-week breakdown ===
 day    n     WR     net
  Wed    1 100.0% $ +0.27
  Thu   13 100.0% $ +2.09
  Fri   15 100.0% $ +4.89
  Sat   15 100.0% $ +4.42

=== 3. Threshold sensitivity at T=30s, 10ct ===
 fav_bid    n     WR  avg_entry  EV/trade  cumul_net
      70c   55  96.4%     93.8c $+0.2153 $ +11.84
      75c   53  96.2%     94.4c $+0.1449 $  +7.68
      80c   48  97.9%     96.1c $+0.1502 $  +7.21
      85c   44 100.0%     97.1c $+0.2652 $ +11.67
      88c   42 100.0%     97.6c $+0.2221 $  +9.33
      90c   41 100.0%     97.7c $+0.2071 $  +8.49
      92c   39 100.0%     98.0c $+0.1797 $  +7.01
      95c   36 100.0%     98.3c $+0.1561 $  +5.62
      97c   31 100.0%     98.7c $+0.1190 $  +3.69

=== 4. Tier layering — multi-T sniper ===
  Layer A: T=60s + fav>=90c (10ct) — earlier signal, conservative threshold
  Layer B: T=30s + fav>=85c (10ct) — primary edge
  Layer C: T=15s + fav>=85c (5ct)  — backup if neither fired

          layer    n     WR     net  EV/trade
      A_T60_fav90   82  91.5% $-51.99 $-0.6340
      B_T30_fav85   25 100.0% $ +9.13 $+0.3652
      C_T15_fav85   10  90.0% $ -2.95 $-0.2950
            TOTAL  117  93.2% $-45.81 $-0.3915

  Coverage: 117/331 markets (35.3%); pace 33.9/day
  Projected daily EV (full dataset): $-13.29/day

=== 5. Sizing impact (T=30s, fav>=85c) ===
 size    n     WR      net  EV/trade   cap_at_risk  max_single_loss
     2c   44 100.0% $  +2.05 $+0.0466 $       1.94 $          1.98
     5c   44 100.0% $  +5.69 $+0.1293 $       4.86 $          4.95
    10c   44 100.0% $ +11.67 $+0.2652 $       9.71 $          9.90
    20c   44 100.0% $ +23.49 $+0.5339 $      19.42 $         19.80
    50c   44 100.0% $ +59.12 $+1.3436 $      48.56 $         49.50
   100c   44 100.0% $+118.53 $+2.6939 $      97.11 $         99.00
   200c   44 100.0% $+237.15 $+5.3898 $     194.23 $        198.00

=== 6. Variance / drawdown estimate ===
  At 10ct (n=44): median $+0.090, min $+0.090, max $+1.220
  Wilson 95% lower bound on WR: 92.0% (point: 100.0%)
  At lower-bound WR (92.0%): EV per trade = $-0.5443
