[setup] loading markets...
  283 markets (0.8s)
[setup] simulating V5 entries...
  309 V5 entries (0.7s)
[setup] computing per-trade outcomes (baseline / counter / R1)...
  trade 0/309 (0.0s)
  trade 50/309 (6.7s)
  trade 100/309 (14.9s)
  trade 150/309 (25.6s)
  trade 200/309 (33.2s)
  trade 250/309 (45.7s)
  trade 300/309 (53.5s)
[setup] done (54.8s). baseline V5 net=$-63.73
[setup] 309/309 trades have RV data

====================================================================================================
 SWEEP 1: RV cutoff sensitivity for Strategy A (skip if 5-min RV >= cutoff)
====================================================================================================
    cutoff    pct  n_kept      WR        net   EV/trade
   0.0266  p50     153   88.9%  $ +28.04  $+0.1833
   0.0301  p60     184   87.5%  $ +10.87  $+0.0591
   0.0330  p65     199   87.9%  $ +17.98  $+0.0904
   0.0371  p70     215   87.9%  $ +25.63  $+0.1192
   0.0405  p75     230   87.8%  $ +26.91  $+0.1170
   0.0441  p80     246   87.8%  $ +20.50  $+0.0833
   0.0492  p85     261   87.0%  $ -11.09  $-0.0425
   0.0579  p90     277   85.6%  $ -27.73  $-0.1001
   0.0728  p95     292   84.6%  $ -60.14  $-0.2060
   0.1311  p100     308   84.7%  $ -64.28  $-0.2087

====================================================================================================
 SWEEP 2: A+B regime switch (low-vol -> V5, high-vol -> counter-V5)
====================================================================================================
    cutoff    pct   low_n    low_net  high_n   high_net    combined
   0.0224  p40     122  $ +26.12     187  $ +62.15  $  +88.27
   0.0266  p50     153  $ +28.04     156  $ +66.75  $  +94.79
   0.0301  p60     184  $ +10.87     125  $ +52.88  $  +63.75
   0.0330  p65     199  $ +17.98     110  $ +61.67  $  +79.65
   0.0371  p70     215  $ +25.63      94  $ +71.70  $  +97.33
   0.0405  p75     230  $ +26.91      79  $ +74.52  $ +101.43
   0.0441  p80     246  $ +20.50      63  $ +70.55  $  +91.05
   0.0492  p85     261  $ -11.09      48  $ +43.14  $  +32.05
   0.0579  p90     277  $ -27.73      32  $ +29.06  $   +1.33

====================================================================================================
 SWEEP 3: Combination matrix — V5 baseline + every combination of {A, B, R1}
====================================================================================================
  (using Rule A cutoff = 0.0405%/min, the p75 RV threshold)

  strategy                                         n     W      WR        net   EV/trade
  5. V5 + B regime-switch (vol-dep side)         309   221   71.5%  $+101.43  $+0.3283
  6. V5 + A + B + R1 (full stack)                309   206   66.7%  $ +96.50  $+0.3123
  4. V5 + A + R1                                 230   191   83.0%  $ +50.05  $+0.2176
  3. V5 + A (skip RV>=p75)                       230   202   87.8%  $ +26.91  $+0.1170
  7. Pure counter-V5 (always underdog)           309    47   15.2%  $ +25.93  $+0.0839
  2. V5 + R1 (exit if contra>5c at T-60)         309   252   81.6%  $ -22.31  $-0.0722
  8. Pure counter-V5 + R1                        309    42   13.6%  $ -26.46  $-0.0856
  1. V5 baseline (hold-to-settle)                309   262   84.8%  $ -63.73  $-0.2062

  Marginal contributions (vs prior best stack):
    V5 baseline:                $ -63.73
    + Rule A only:              delta=$+90.64
    + Rule R1 only:             delta=$+41.42
    + Rule B-regime only:       delta=$+165.16
    A + R1 (additive):          $ +50.05
    A + B + R1 (full stack):    $ +96.50

[done] 54.8s
