[setup] loading markets...
  309 markets (0.7s)

[sweep] running winner-selection grid...
  309 markets x 8 timepoints = 2472 L2 lookups
    market 0/309 (0.0s)
    market 50/309 (0.5s)
    market 100/309 (1.0s)
    market 150/309 (1.6s)
    market 200/309 (2.1s)
    market 250/309 (2.8s)
    market 300/309 (3.5s)
  L2 snapshots done (3.6s)

[sweep] grid: each cell = (n entries, WR, net P&L, EV/trade)

  T(s)\thr  85c            90c            93c            95c            97c            98c            99c          
  T- 15         n156 W99.4 $+0.059n154 W99.4 $+0.047n152 W100.0 $+0.105n149 W100.0 $+0.101n142 W100.0 $+0.094n135 W100.0 $+0.090n122 W100.0 $+0.090
  T- 30         n178 W99.4 $+0.078n175 W100.0 $+0.119n172 W100.0 $+0.110n168 W100.0 $+0.102n162 W100.0 $+0.094n156 W100.0 $+0.090n146 W100.0 $+0.090
  T- 45         n201 W98.5 $+0.000n195 W99.0 $+0.021n192 W99.0 $+0.011n185 W99.5 $+0.048n178 W99.4 $+0.039n168 W99.4 $+0.030n149 W99.3 $+0.023
  T- 60         n230 W97.0 $-0.140n222 W96.8 $-0.185n219 W97.7 $-0.106n210 W98.6 $-0.035n201 W98.5 $-0.053n187 W99.5 $+0.037n158 W100.0 $+0.090
  T- 90         n247 W97.6 $-0.033n237 W98.7 $+0.045n224 W100.0 $+0.144n215 W100.0 $+0.127n185 W100.0 $+0.099n171 W100.0 $+0.090n150 W100.0 $+0.090
  T-120         n245 W95.9 $-0.123n221 W98.2 $+0.014n205 W98.5 $+0.007n193 W99.5 $+0.079n175 W99.4 $+0.051n153 W99.3 $+0.025n104 W100.0 $+0.090
  T-180         n203 W97.0 $+0.020n190 W96.8 $-0.056n164 W97.0 $-0.119n150 W97.3 $-0.112n121 W97.5 $-0.135n 97 W100.0 $+0.090n 54 W100.0 $+0.090
  T-300         n158 W94.3 $-0.044n125 W95.2 $-0.102n 98 W96.9 $-0.029n 76 W97.4 $-0.055n 48 W95.8 $-0.291n 32 W93.8 $-0.535n  6 W100.0 $+0.090

[best] sorted by total net P&L:
     T   thr     n      WR        net   EV/trade   max_loss   min_win
  T-90   93c   224  100.0%  $ +32.31  $+0.1442  $  +0.09  $+0.09
  T-90   95c   215  100.0%  $ +27.39  $+0.1274  $  +0.09  $+0.09
  T-30   90c   175  100.0%  $ +20.82  $+0.1190  $  +0.09  $+0.09
  T-30   93c   172  100.0%  $ +18.97  $+0.1103  $  +0.09  $+0.09
  T-90   97c   185  100.0%  $ +18.27  $+0.0988  $  +0.09  $+0.09
  T-30   95c   168  100.0%  $ +17.13  $+0.1020  $  +0.09  $+0.09
  T-15   93c   152  100.0%  $ +15.95  $+0.1049  $  +0.09  $+0.09
  T-90   98c   171  100.0%  $ +15.39  $+0.0900  $  +0.09  $+0.09
  T-120   95c   193   99.5%  $ +15.31  $+0.0793  $  -9.91  $+0.09
  T-30   97c   162  100.0%  $ +15.21  $+0.0939  $  +0.09  $+0.09
  T-15   95c   149  100.0%  $ +15.03  $+0.1009  $  +0.09  $+0.09
  T-60   99c   158  100.0%  $ +14.22  $+0.0900  $  +0.09  $+0.09
  T-30   98c   156  100.0%  $ +14.04  $+0.0900  $  +0.09  $+0.09
  T-30   85c   178   99.4%  $ +13.91  $+0.0781  $  -9.16  $+0.09
  T-90   99c   150  100.0%  $ +13.50  $+0.0900  $  +0.09  $+0.09

[best] sorted by EV/trade (capital-efficiency, min n>=20):
     T   thr     n      WR        net   EV/trade
  T-90   93c   224  100.0%  $ +32.31  $+0.1442
  T-90   95c   215  100.0%  $ +27.39  $+0.1274
  T-30   90c   175  100.0%  $ +20.82  $+0.1190
  T-30   93c   172  100.0%  $ +18.97  $+0.1103
  T-15   93c   152  100.0%  $ +15.95  $+0.1049
  T-30   95c   168  100.0%  $ +17.13  $+0.1020
  T-15   95c   149  100.0%  $ +15.03  $+0.1009
  T-90   97c   185  100.0%  $ +18.27  $+0.0988
  T-30   97c   162  100.0%  $ +15.21  $+0.0939
  T-15   97c   142  100.0%  $ +13.32  $+0.0938

[best] sorted by N (high-frequency strategies):
     T   thr     n      WR        net   EV/trade
  T-90   85c   247   97.6%  $  -8.09  $-0.0328
  T-120   85c   245   95.9%  $ -30.15  $-0.1231
  T-90   90c   237   98.7%  $ +10.78  $+0.0455
  T-60   85c   230   97.0%  $ -32.09  $-0.1395
  T-90   93c   224  100.0%  $ +32.31  $+0.1442
  T-60   90c   222   96.8%  $ -41.07  $-0.1850
  T-120   90c   221   98.2%  $  +3.12  $+0.0141
  T-60   93c   219   97.7%  $ -23.30  $-0.1064
  T-90   95c   215  100.0%  $ +27.39  $+0.1274
  T-60   95c   210   98.6%  $  -7.45  $-0.0355

[deep dive] T-60s, threshold 99c — the 'pure essence' strategy
  n=158  WR=100.0%  net=$+14.22  EV/trade=$+0.0900
  wins:   n=158  avg=$+0.09  total=$+14.22
  losses: n=0  avg=$+0.00  total=$+0.00

[done] 3.6s
